// Jest Snapshot v1, https://goo.gl/fbAQLP

exports[`should collect data 1`] = `
Object {
  "collectedEntities": Array [
    Object {
      "_class": Array [
        "Account",
      ],
      "_key": "okta-account:local-integration-instance",
      "_rawData": Array [
        Object {
          "name": "default",
          "rawData": Object {
            "id": "okta-account:Local Integration",
            "name": "Okta Account",
          },
        },
      ],
      "_type": "okta_account",
      "createdOn": undefined,
      "displayName": "Okta - Local Integration",
      "id": "okta-account:Local Integration",
      "name": "Okta - Local Integration",
      "webLink": "https://yoursubdomainhere.okta.com",
    },
    Object {
      "_class": Array [
        "User",
      ],
      "_key": "acme-user-1",
      "_rawData": Array [
        Object {
          "name": "default",
          "rawData": Object {
            "id": "acme-user-1",
            "name": "User One",
          },
        },
      ],
      "_type": "acme_user",
      "createdOn": undefined,
      "displayName": "User One",
      "email": "test@test.com",
      "firstName": "John",
      "id": "acme-user-1",
      "name": "User One",
      "username": "testusername",
    },
    Object {
      "_class": Array [
        "User",
      ],
      "_key": "acme-user-2",
      "_rawData": Array [
        Object {
          "name": "default",
          "rawData": Object {
            "id": "acme-user-2",
            "name": "User Two",
          },
        },
      ],
      "_type": "acme_user",
      "createdOn": undefined,
      "displayName": "User Two",
      "email": "test@test.com",
      "firstName": "John",
      "id": "acme-user-2",
      "name": "User Two",
      "username": "testusername",
    },
    Object {
      "_class": Array [
        "UserGroup",
      ],
      "_key": "acme-group-1",
      "_rawData": Array [
        Object {
          "name": "default",
          "rawData": Object {
            "id": "acme-group-1",
            "name": "Group One",
            "users": Array [
              Object {
                "id": "acme-user-1",
              },
            ],
          },
        },
      ],
      "_type": "acme_group",
      "createdOn": undefined,
      "displayName": "Group One",
      "email": "testgroup@test.com",
      "id": "acme-group-1",
      "logoLink": "https://test.com/logo.png",
      "name": "Group One",
    },
  ],
  "collectedRelationships": Array [
    Object {
      "_class": "HAS",
      "_fromEntityKey": "okta-account:local-integration-instance",
      "_key": "okta-account:local-integration-instance|has|acme-user-1",
      "_toEntityKey": "acme-user-1",
      "_type": "okta_account_has_acme_user",
      "displayName": "HAS",
    },
    Object {
      "_class": "HAS",
      "_fromEntityKey": "okta-account:local-integration-instance",
      "_key": "okta-account:local-integration-instance|has|acme-user-2",
      "_toEntityKey": "acme-user-2",
      "_type": "okta_account_has_acme_user",
      "displayName": "HAS",
    },
    Object {
      "_class": "HAS",
      "_fromEntityKey": "okta-account:local-integration-instance",
      "_key": "okta-account:local-integration-instance|has|acme-group-1",
      "_toEntityKey": "acme-group-1",
      "_type": "okta_account_has_acme_group",
      "displayName": "HAS",
    },
    Object {
      "_class": "HAS",
      "_fromEntityKey": "acme-group-1",
      "_key": "acme-group-1|has|acme-user-1",
      "_toEntityKey": "acme-user-1",
      "_type": "acme_group_has_user",
      "displayName": "HAS",
    },
  ],
  "encounteredTypes": Array [
    "okta_account",
    "acme_user",
    "okta_account_has_acme_user",
    "acme_group",
    "okta_account_has_acme_group",
    "acme_group_has_user",
  ],
  "numCollectedEntities": 4,
  "numCollectedRelationships": 4,
}
`;
